Archive member included to satisfy reference by file (symbol)

e:/gcc-arm-none-eabi-10.3-2021.10/bin/../lib/gcc/arm-none-eabi/10.3.1/thumb/v7-m/nofp\libgcc.a(_arm_muldf3.o)
                              CMakeFiles/Demo1.elf.dir/Hardware/Encoder.c.obj (__aeabi_dmul)
e:/gcc-arm-none-eabi-10.3-2021.10/bin/../lib/gcc/arm-none-eabi/10.3.1/thumb/v7-m/nofp\libgcc.a(_arm_mulsf3.o)
                              CMakeFiles/Demo1.elf.dir/Hardware/OLED.c.obj (__aeabi_fmul)
e:/gcc-arm-none-eabi-10.3-2021.10/bin/../lib/gcc/arm-none-eabi/10.3.1/thumb/v7-m/nofp\libgcc.a(_arm_addsubdf3.o)
                              CMakeFiles/Demo1.elf.dir/Hardware/Encoder.c.obj (__aeabi_dadd)
e:/gcc-arm-none-eabi-10.3-2021.10/bin/../lib/gcc/arm-none-eabi/10.3.1/thumb/v7-m/nofp\libgcc.a(_arm_muldivdf3.o)
                              CMakeFiles/Demo1.elf.dir/Hardware/Encoder.c.obj (__aeabi_ddiv)
e:/gcc-arm-none-eabi-10.3-2021.10/bin/../lib/gcc/arm-none-eabi/10.3.1/thumb/v7-m/nofp\libgcc.a(_arm_fixdfsi.o)
                              CMakeFiles/Demo1.elf.dir/Hardware/Encoder.c.obj (__aeabi_d2iz)
e:/gcc-arm-none-eabi-10.3-2021.10/bin/../lib/gcc/arm-none-eabi/10.3.1/thumb/v7-m/nofp\libgcc.a(_arm_truncdfsf2.o)
                              CMakeFiles/Demo1.elf.dir/Hardware/Encoder.c.obj (__aeabi_d2f)
e:/gcc-arm-none-eabi-10.3-2021.10/bin/../lib/gcc/arm-none-eabi/10.3.1/thumb/v7-m/nofp\libgcc.a(_arm_addsubsf3.o)
                              CMakeFiles/Demo1.elf.dir/Hardware/OLED.c.obj (__aeabi_fsub)
e:/gcc-arm-none-eabi-10.3-2021.10/bin/../lib/gcc/arm-none-eabi/10.3.1/thumb/v7-m/nofp\libgcc.a(_arm_muldivsf3.o)
                              CMakeFiles/Demo1.elf.dir/Hardware/Encoder.c.obj (__aeabi_fdiv)
e:/gcc-arm-none-eabi-10.3-2021.10/bin/../lib/gcc/arm-none-eabi/10.3.1/thumb/v7-m/nofp\libgcc.a(_arm_cmpsf2.o)
                              CMakeFiles/Demo1.elf.dir/Hardware/OLED.c.obj (__aeabi_fcmplt)
e:/gcc-arm-none-eabi-10.3-2021.10/bin/../lib/gcc/arm-none-eabi/10.3.1/thumb/v7-m/nofp\libgcc.a(_arm_fixsfsi.o)
                              CMakeFiles/Demo1.elf.dir/Hardware/OLED.c.obj (__aeabi_f2iz)
e:/gcc-arm-none-eabi-10.3-2021.10/bin/../lib/gcc/arm-none-eabi/10.3.1/thumb/v7-m/nofp\libgcc.a(_arm_fixunssfsi.o)
                              CMakeFiles/Demo1.elf.dir/Core/Src/main.c.obj (__aeabi_f2uiz)
e:/gcc-arm-none-eabi-10.3-2021.10/bin/../lib/gcc/arm-none-eabi/10.3.1/../../../../arm-none-eabi/lib/thumb/v7-m/nofp\libg.a(lib_a-errno.o)
                              CMakeFiles/Demo1.elf.dir/Core/Src/syscalls.c.obj (__errno)
e:/gcc-arm-none-eabi-10.3-2021.10/bin/../lib/gcc/arm-none-eabi/10.3.1/../../../../arm-none-eabi/lib/thumb/v7-m/nofp\libg.a(lib_a-exit.o)
                              e:/gcc-arm-none-eabi-10.3-2021.10/bin/../lib/gcc/arm-none-eabi/10.3.1/../../../../arm-none-eabi/lib/thumb/v7-m/nofp/crt0.o (exit)
e:/gcc-arm-none-eabi-10.3-2021.10/bin/../lib/gcc/arm-none-eabi/10.3.1/../../../../arm-none-eabi/lib/thumb/v7-m/nofp\libg.a(lib_a-impure.o)
                              e:/gcc-arm-none-eabi-10.3-2021.10/bin/../lib/gcc/arm-none-eabi/10.3.1/../../../../arm-none-eabi/lib/thumb/v7-m/nofp\libg.a(lib_a-exit.o) (_global_impure_ptr)
e:/gcc-arm-none-eabi-10.3-2021.10/bin/../lib/gcc/arm-none-eabi/10.3.1/../../../../arm-none-eabi/lib/thumb/v7-m/nofp\libg.a(lib_a-init.o)
                              e:/gcc-arm-none-eabi-10.3-2021.10/bin/../lib/gcc/arm-none-eabi/10.3.1/../../../../arm-none-eabi/lib/thumb/v7-m/nofp/crt0.o (__libc_init_array)
e:/gcc-arm-none-eabi-10.3-2021.10/bin/../lib/gcc/arm-none-eabi/10.3.1/../../../../arm-none-eabi/lib/thumb/v7-m/nofp\libg.a(lib_a-memset.o)
                              e:/gcc-arm-none-eabi-10.3-2021.10/bin/../lib/gcc/arm-none-eabi/10.3.1/../../../../arm-none-eabi/lib/thumb/v7-m/nofp/crt0.o (memset)
e:/gcc-arm-none-eabi-10.3-2021.10/bin/../lib/gcc/arm-none-eabi/10.3.1/../../../../arm-none-eabi/lib/thumb/v7-m/nofp\libg.a(lib_a-__call_atexit.o)
                              e:/gcc-arm-none-eabi-10.3-2021.10/bin/../lib/gcc/arm-none-eabi/10.3.1/../../../../arm-none-eabi/lib/thumb/v7-m/nofp\libg.a(lib_a-exit.o) (__call_exitprocs)
e:/gcc-arm-none-eabi-10.3-2021.10/bin/../lib/gcc/arm-none-eabi/10.3.1/../../../../arm-none-eabi/lib/thumb/v7-m/nofp\libg.a(lib_a-atexit.o)
                              e:/gcc-arm-none-eabi-10.3-2021.10/bin/../lib/gcc/arm-none-eabi/10.3.1/../../../../arm-none-eabi/lib/thumb/v7-m/nofp\libg.a(lib_a-__call_atexit.o) (atexit)
e:/gcc-arm-none-eabi-10.3-2021.10/bin/../lib/gcc/arm-none-eabi/10.3.1/../../../../arm-none-eabi/lib/thumb/v7-m/nofp\libg.a(lib_a-fini.o)
                              e:/gcc-arm-none-eabi-10.3-2021.10/bin/../lib/gcc/arm-none-eabi/10.3.1/../../../../arm-none-eabi/lib/thumb/v7-m/nofp\libg.a(lib_a-__call_atexit.o) (__libc_fini_array)
e:/gcc-arm-none-eabi-10.3-2021.10/bin/../lib/gcc/arm-none-eabi/10.3.1/../../../../arm-none-eabi/lib/thumb/v7-m/nofp\libg.a(lib_a-lock.o)
[...]
Memory Configuration

Name             Origin             Length             Attributes
RAM              0x20000000         0x0000c000         xrw
FLASH            0x08000000         0x00040000         xr
*default*        0x00000000         0xffffffff

Linker script and memory map

LOAD e:/gcc-arm-none-eabi-10.3-2021.10/bin/../lib/gcc/arm-none-eabi/10.3.1/thumb/v7-m/nofp/crti.o
LOAD e:/gcc-arm-none-eabi-10.3-2021.10/bin/../lib/gcc/arm-none-eabi/10.3.1/thumb/v7-m/nofp/crtbegin.o
LOAD e:/gcc-arm-none-eabi-10.3-2021.10/bin/../lib/gcc/arm-none-eabi/10.3.1/../../../../arm-none-eabi/lib/thumb/v7-m/nofp/crt0.o
LOAD CMakeFiles/Demo1.elf.dir/Core/Src/gpio.c.obj
LOAD CMakeFiles/Demo1.elf.dir/Core/Src/i2c.c.obj
LOAD CMakeFiles/Demo1.elf.dir/Core/Src/main.c.obj
LOAD CMakeFiles/Demo1.elf.dir/Core/Src/stm32f1xx_hal_msp.c.obj
LOAD CMakeFiles/Demo1.elf.dir/Core/Src/stm32f1xx_it.c.obj
LOAD CMakeFiles/Demo1.elf.dir/Core/Src/syscalls.c.obj
LOAD CMakeFiles/Demo1.elf.dir/Core/Src/sysmem.c.obj
LOAD CMakeFiles/Demo1.elf.dir/Core/Src/system_stm32f1xx.c.obj
LOAD CMakeFiles/Demo1.elf.dir/Core/Src/tim.c.obj
LOAD CMakeFiles/Demo1.elf.dir/Core/Startup/startup_stm32f103rctx.s.obj
LOAD CMakeFiles/Demo1.elf.dir/Drivers/STM32F1xx_HAL_Driver/Src/stm32f1xx_hal.c.obj
LOAD CMakeFiles/Demo1.elf.dir/Drivers/STM32F1xx_HAL_Driver/Src/stm32f1xx_hal_cortex.c.obj
LOAD CMakeFiles/Demo1.elf.dir/Drivers/STM32F1xx_HAL_Driver/Src/stm32f1xx_hal_dma.c.obj
LOAD CMakeFiles/Demo1.elf.dir/Drivers/STM32F1xx_HAL_Driver/Src/stm32f1xx_hal_exti.c.obj
LOAD CMakeFiles/Demo1.elf.dir/Drivers/STM32F1xx_HAL_Driver/Src/stm32f1xx_hal_flash.c.obj
LOAD CMakeFiles/Demo1.elf.dir/Drivers/STM32F1xx_HAL_Driver/Src/stm32f1xx_hal_flash_ex.c.obj
LOAD CMakeFiles/Demo1.elf.dir/Drivers/STM32F1xx_HAL_Driver/Src/stm32f1xx_hal_gpio.c.obj
LOAD CMakeFiles/Demo1.elf.dir/Drivers/STM32F1xx_HAL_Driver/Src/stm32f1xx_hal_gpio_ex.c.obj
LOAD CMakeFiles/Demo1.elf.dir/Drivers/STM32F1xx_HAL_Driver/Src/stm32f1xx_hal_i2c.c.obj
LOAD CMakeFiles/Demo1.elf.dir/Drivers/STM32F1xx_HAL_Driver/Src/stm32f1xx_hal_pwr.c.obj
LOAD CMakeFiles/Demo1.elf.dir/Drivers/STM32F1xx_HAL_Driver/Src/stm32f1xx_hal_rcc.c.obj
LOAD CMakeFiles/Demo1.elf.dir/Drivers/STM32F1xx_HAL_Driver/Src/stm32f1xx_hal_rcc_ex.c.obj
LOAD CMakeFiles/Demo1.elf.dir/Drivers/STM32F1xx_HAL_Driver/Src/stm32f1xx_hal_tim.c.obj
LOAD CMakeFiles/Demo1.elf.dir/Drivers/STM32F1xx_HAL_Driver/Src/stm32f1xx_hal_tim_ex.c.obj
LOAD CMakeFiles/Demo1.elf.dir/Hardware/Car.c.obj
LOAD CMakeFiles/Demo1.elf.dir/Hardware/Encoder.c.obj
LOAD CMakeFiles/Demo1.elf.dir/Hardware/OLED.c.obj
LOAD CMakeFiles/Demo1.elf.dir/Hardware/PID.c.obj
LOAD CMakeFiles/Demo1.elf.dir/Hardware/motor.c.obj
LOAD CMakeFiles/Demo1.elf.dir/Hardware/oledfont.c.obj
START GROUP
LOAD e:/gcc-arm-none-eabi-10.3-2021.10/bin/../lib/gcc/arm-none-eabi/10.3.1/thumb/v7-m/nofp\libgcc.a
LOAD e:/gcc-arm-none-eabi-10.3-2021.10/bin/../lib/gcc/arm-none-eabi/10.3.1/../../../../arm-none-eabi/lib/thumb/v7-m/nofp\libg.a
LOAD e:/gcc-arm-none-eabi-10.3-2021.10/bin/../lib/gcc/arm-none-eabi/10.3.1/../../../../arm-none-eabi/lib/thumb/v7-m/nofp\libc.a
END GROUP
LOAD e:/gcc-arm-none-eabi-10.3-2021.10/bin/../lib/gcc/arm-none-eabi/10.3.1/thumb/v7-m/nofp/crtend.o
LOAD e:/gcc-arm-none-eabi-10.3-2021.10/bin/../lib/gcc/arm-none-eabi/10.3.1/thumb/v7-m/nofp/crtn.o
                0x2000c000                _estack = (ORIGIN (RAM) + LENGTH (RAM))
                0x00000200                _Min_Heap_Size = 0x200
                0x00000400                _Min_Stack_Size = 0x400

.isr_vector     0x08000000      0x1e4
                0x08000000                . = ALIGN (0x4)
 *(.isr_vector)
 .isr_vector    0x08000000      0x1e4 CMakeFiles/Demo1.elf.dir/Core/Startup/startup_stm32f103rctx.s.obj
                0x08000000                g_pfnVectors
                0x080001e4                . = ALIGN (0x4)

.text           0x080001e8     0x3154
                0x080001e8                . = ALIGN (0x4)
 *(.text)
 .text          0x080001e8       0x40 e:/gcc-arm-none-eabi-10.3-2021.10/bin/../lib/gcc/arm-none-eabi/10.3.1/thumb/v7-m/nofp/crtbegin.o
 .text          0x08000228      0x378 e:/gcc-arm-none-eabi-10.3-2021.10/bin/../lib/gcc/arm-none-eabi/10.3.1/thumb/v7-m/nofp\libgcc.a(_arm_addsubdf3.o)
                0x08000228                __aeabi_drsub
                0x08000230                __aeabi_dsub
                0x08000230                __subdf3
                0x08000234                __aeabi_dadd
                0x08000234                __adddf3
                0x080004ac                __floatunsidf
                0x080004ac                __aeabi_ui2d
                0x080004cc                __floatsidf
                0x080004cc                __aeabi_i2d
                0x080004f0                __aeabi_f2d
                0x080004f0                __extendsfdf2
                0x08000534                __floatundidf
                0x08000534                __aeabi_ul2d
                0x08000544                __floatdidf
                0x08000544                __aeabi_l2d
 .text          0x080005a0      0x424 e:/gcc-arm-none-eabi-10.3-2021.10/bin/../lib/gcc/arm-none-eabi/10.3.1/thumb/v7-m/nofp\libgcc.a(_arm_muldivdf3.o)
                0x080005a0                __aeabi_dmul
                0x080005a0                __muldf3
                0x080007f4                __divdf3
                0x080007f4                __aeabi_ddiv
 .text          0x080009c4       0x50 e:/gcc-arm-none-eabi-10.3-2021.10/bin/../lib/gcc/arm-none-eabi/10.3.1/thumb/v7-m/nofp\libgcc.a(_arm_fixdfsi.o)
                0x080009c4                __aeabi_d2iz
                0x080009c4                __fixdfsi
 .text          0x08000a14       0xa0 e:/gcc-arm-none-eabi-10.3-2021.10/bin/../lib/gcc/arm-none-eabi/10.3.1/thumb/v7-m/nofp\libgcc.a(_arm_truncdfsf2.o)
                0x08000a14                __truncdfsf2
                0x08000a14                __aeabi_d2f
 .text          0x08000ab4      0x21c e:/gcc-arm-none-eabi-10.3-2021.10/bin/../lib/gcc/arm-none-eabi/10.3.1/thumb/v7-m/nofp\libgcc.a(_arm_addsubsf3.o)
                0x08000ab4                __aeabi_frsub
                0x08000abc                __subsf3
                0x08000abc                __aeabi_fsub
                0x08000ac0                __aeabi_fadd
                0x08000ac0                __addsf3
                0x08000c20                __aeabi_ui2f
                0x08000c20                __floatunsisf
                0x08000c28                __aeabi_i2f
                0x08000c28                __floatsisf
                0x08000c44                __aeabi_ul2f
                0x08000c44                __floatundisf
                0x08000c54                __aeabi_l2f
                0x08000c54                __floatdisf
 .text          0x08000cd0      0x2a0 e:/gcc-arm-none-eabi-10.3-2021.10/bin/../lib/gcc/arm-none-eabi/10.3.1/thumb/v7-m/nofp\libgcc.a(_arm_muldivsf3.o)
                0x08000cd0                __mulsf3
                0x08000cd0                __aeabi_fmul
                0x08000e38                __aeabi_fdiv
                0x08000e38                __divsf3
 .text          0x08000f70       0xec e:/gcc-arm-none-eabi-10.3-2021.10/bin/../lib/gcc/arm-none-eabi/10.3.1/thumb/v7-m/nofp\libgcc.a(_arm_cmpsf2.o)
                0x08000f70                __gesf2
                0x08000f70                __gtsf2
                0x08000f78                __lesf2
                0x08000f78                __ltsf2
                0x08000f80                __nesf2
                0x08000f80                __eqsf2
                0x08000f80                __cmpsf2
                0x08000fe0                __aeabi_cfrcmple
                0x08000fe8                __aeabi_cfcmpeq
                0x08000fe8                __aeabi_cfcmple
                0x08000ff8                __aeabi_fcmpeq
                0x0800100c                __aeabi_fcmplt
                0x08001020                __aeabi_fcmple
                0x08001034                __aeabi_fcmpge
                0x08001048                __aeabi_fcmpgt
 .text          0x0800105c       0x40 e:/gcc-arm-none-eabi-10.3-2021.10/bin/../lib/gcc/arm-none-eabi/10.3.1/thumb/v7-m/nofp\libgcc.a(_arm_fixunssfsi.o)
                0x0800105c                __fixunssfsi
                0x0800105c                __aeabi_f2uiz
 *(.text*)
 .text.MX_GPIO_Init
                0x0800109c       0x9c CMakeFiles/Demo1.elf.dir/Core/Src/gpio.c.obj
                0x0800109c                MX_GPIO_Init
 .text.MX_I2C2_Init
                0x08001138       0x3c CMakeFiles/Demo1.elf.dir/Core/Src/i2c.c.obj
                0x08001138                MX_I2C2_Init
 .text.HAL_I2C_MspInit
                0x08001174       0x64 CMakeFiles/Demo1.elf.dir/Core/Src/i2c.c.obj
                0x08001174                HAL_I2C_MspInit
 .text.HAL_TIM_PeriodElapsedCallback
                0x080011d8       0xf8 CMakeFiles/Demo1.elf.dir/Core/Src/main.c.obj
                0x080011d8                HAL_TIM_PeriodElapsedCallback
 .text.Error_Handler
                0x080012d0        0x4 CMakeFiles/Demo1.elf.dir/Core/Src/main.c.obj
                0x080012d0                Error_Handler
 .text.SystemClock_Config
                0x080012d4       0x64 CMakeFiles/Demo1.elf.dir/Core/Src/main.c.obj
                0x080012d4                SystemClock_Config
 .text.main     0x08001338       0xa8 CMakeFiles/Demo1.elf.dir/Core/Src/main.c.obj
                0x08001338                main
 .text.HAL_MspInit
                0x080013e0       0x44 CMakeFiles/Demo1.elf.dir/Core/Src/stm32f1xx_hal_msp.c.obj
                0x080013e0                HAL_MspInit
 .text.NMI_Handler
                0x08001424        0x2 CMakeFiles/Demo1.elf.dir/Core/Src/stm32f1xx_it.c.obj
                0x08001424                NMI_Handler
 .text.HardFault_Handler
                0x08001426        0x2 CMakeFiles/Demo1.elf.dir/Core/Src/stm32f1xx_it.c.obj
                0x08001426                HardFault_Handler
 .text.MemManage_Handler
                0x08001428        0x2 CMakeFiles/Demo1.elf.dir/Core/Src/stm32f1xx_it.c.obj
                0x08001428                MemManage_Handler
 .text.BusFault_Handler
                0x0800142a        0x2 CMakeFiles/Demo1.elf.dir/Core/Src/stm32f1xx_it.c.obj
                0x0800142a                BusFault_Handler
 .text.UsageFault_Handler
                0x0800142c        0x2 CMakeFiles/Demo1.elf.dir/Core/Src/stm32f1xx_it.c.obj
                0x0800142c                UsageFault_Handler
 .text.SVC_Handler
                0x0800142e        0x2 CMakeFiles/Demo1.elf.dir/Core/Src/stm32f1xx_it.c.obj
                0x0800142e                SVC_Handler
 .text.DebugMon_Handler
                0x08001430        0x2 CMakeFiles/Demo1.elf.dir/Core/Src/stm32f1xx_it.c.obj
                0x08001430                DebugMon_Handler
 .text.PendSV_Handler
                0x08001432        0x2 CMakeFiles/Demo1.elf.dir/Core/Src/stm32f1xx_it.c.obj
                0x08001432                PendSV_Handler
 .text.SysTick_Handler
                0x08001434        0x8 CMakeFiles/Demo1.elf.dir/Core/Src/stm32f1xx_it.c.obj
                0x08001434                SysTick_Handler
 .text.TIM2_IRQHandler
                0x0800143c       0x10 CMakeFiles/Demo1.elf.dir/Core/Src/stm32f1xx_it.c.obj
                0x0800143c                TIM2_IRQHandler
 .text.TIM4_IRQHandler
                0x0800144c       0x10 CMakeFiles/Demo1.elf.dir/Core/Src/stm32f1xx_it.c.obj
                0x0800144c                TIM4_IRQHandler
 .text.TIM5_IRQHandler
                0x0800145c       0x10 CMakeFiles/Demo1.elf.dir/Core/Src/stm32f1xx_it.c.obj
                0x0800145c                TIM5_IRQHandler
 .text.SystemInit
                0x0800146c        0x2 CMakeFiles/Demo1.elf.dir/Core/Src/system_stm32f1xx.c.obj
                0x0800146c                SystemInit
 *fill*         0x0800146e        0x2 
 .text.MX_TIM2_Init
                0x08001470       0x64 CMakeFiles/Demo1.elf.dir/Core/Src/tim.c.obj
                0x08001470                MX_TIM2_Init
 .text.MX_TIM4_Init
                0x080014d4       0x64 CMakeFiles/Demo1.elf.dir/Core/Src/tim.c.obj
                0x080014d4                MX_TIM4_Init
 .text.MX_TIM5_Init
                0x08001538       0x70 CMakeFiles/Demo1.elf.dir/Core/Src/tim.c.obj
                0x08001538                MX_TIM5_Init
 .text.HAL_TIM_Encoder_MspInit
                0x080015a8       0xbc CMakeFiles/Demo1.elf.dir/Core/Src/tim.c.obj
                0x080015a8                HAL_TIM_Encoder_MspInit
 .text.HAL_TIM_Base_MspInit
                0x08001664       0x60 CMakeFiles/Demo1.elf.dir/Core/Src/tim.c.obj
                0x08001664                HAL_TIM_Base_MspInit
 .text.HAL_TIM_MspPostInit
                0x080016c4       0x50 CMakeFiles/Demo1.elf.dir/Core/Src/tim.c.obj
                0x080016c4                HAL_TIM_MspPostInit
 .text.MX_TIM3_Init
                0x08001714       0xc0 CMakeFiles/Demo1.elf.dir/Core/Src/tim.c.obj
                0x08001714                MX_TIM3_Init
 .text.Reset_Handler
                0x080017d4       0x48 CMakeFiles/Demo1.elf.dir/Core/Startup/startup_stm32f103rctx.s.obj
                0x080017d4                Reset_Handler
 .text.Default_Handler
                0x0800181c        0x2 CMakeFiles/Demo1.elf.dir/Core/Startup/startup_stm32f103rctx.s.obj
                0x0800181c                RTC_Alarm_IRQHandler
                0x0800181c                EXTI2_IRQHandler
                0x0800181c                TIM8_TRG_COM_IRQHandler
                0x0800181c                TIM8_CC_IRQHandler
                0x0800181c                TIM1_CC_IRQHandler
                0x0800181c                TIM6_IRQHandler
                0x0800181c                PVD_IRQHandler
                0x0800181c                SDIO_IRQHandler
                0x0800181c                EXTI3_IRQHandler
                0x0800181c                EXTI0_IRQHandler
                0x0800181c                I2C2_EV_IRQHandler
                0x0800181c                ADC1_2_IRQHandler
                0x0800181c                SPI1_IRQHandler
                0x0800181c                TAMPER_IRQHandler
                0x0800181c                TIM8_UP_IRQHandler
                0x0800181c                DMA2_Channel2_IRQHandler
                0x0800181c                DMA1_Channel4_IRQHandler
                0x0800181c                USART3_IRQHandler
                0x0800181c                RTC_IRQHandler
                0x0800181c                DMA1_Channel7_IRQHandler
                0x0800181c                CAN1_RX1_IRQHandler
                0x0800181c                UART5_IRQHandler
                0x0800181c                ADC3_IRQHandler
                0x0800181c                DMA2_Channel1_IRQHandler
                0x0800181c                I2C1_EV_IRQHandler
                0x0800181c                DMA1_Channel6_IRQHandler
                0x0800181c                UART4_IRQHandler
                0x0800181c                TIM3_IRQHandler
                0x0800181c                RCC_IRQHandler
                0x0800181c                TIM1_TRG_COM_IRQHandler
                0x0800181c                DMA1_Channel1_IRQHandler
                0x0800181c                Default_Handler
                0x0800181c                EXTI15_10_IRQHandler
                0x0800181c                TIM7_IRQHandler
                0x0800181c                EXTI9_5_IRQHandler
                0x0800181c                SPI2_IRQHandler
                0x0800181c                DMA1_Channel5_IRQHandler
                0x0800181c                EXTI4_IRQHandler
                0x0800181c                USB_LP_CAN1_RX0_IRQHandler
                0x0800181c                USB_HP_CAN1_TX_IRQHandler
                0x0800181c                DMA1_Channel3_IRQHandler
                0x0800181c                FSMC_IRQHandler
                0x0800181c                TIM1_UP_IRQHandler
                0x0800181c                WWDG_IRQHandler
                0x0800181c                TIM1_BRK_IRQHandler
                0x0800181c                EXTI1_IRQHandler
                0x0800181c                DMA2_Channel4_5_IRQHandler
                0x0800181c                USART2_IRQHandler
                0x0800181c                I2C2_ER_IRQHandler
                0x0800181c                DMA1_Channel2_IRQHandler
                0x0800181c                TIM8_BRK_IRQHandler
                0x0800181c                CAN1_SCE_IRQHandler
                0x0800181c                FLASH_IRQHandler
                0x0800181c                USART1_IRQHandler
                0x0800181c                SPI3_IRQHandler
                0x0800181c                I2C1_ER_IRQHandler
                0x0800181c                USBWakeUp_IRQHandler
                0x0800181c                DMA2_Channel3_IRQHandler
 *fill*         0x0800181e        0x2 
 .text.HAL_InitTick
                0x08001820       0x4c CMakeFiles/Demo1.elf.dir/Drivers/STM32F1xx_HAL_Driver/Src/stm32f1xx_hal.c.obj
                0x08001820                HAL_InitTick
 .text.HAL_Init
                0x0800186c       0x24 CMakeFiles/Demo1.elf.dir/Drivers/STM32F1xx_HAL_Driver/Src/stm32f1xx_hal.c.obj
                0x0800186c                HAL_Init
 .text.HAL_IncTick
                0x08001890       0x18 CMakeFiles/Demo1.elf.dir/Drivers/STM32F1xx_HAL_Driver/Src/stm32f1xx_hal.c.obj
                0x08001890                HAL_IncTick
 .text.HAL_GetTick
                0x080018a8        0xc CMakeFiles/Demo1.elf.dir/Drivers/STM32F1xx_HAL_Driver/Src/stm32f1xx_hal.c.obj
                0x080018a8                HAL_GetTick
 .text.HAL_Delay
                0x080018b4       0x28 CMakeFiles/Demo1.elf.dir/Drivers/STM32F1xx_HAL_Driver/Src/stm32f1xx_hal.c.obj
                0x080018b4                HAL_Delay
 .text.HAL_NVIC_SetPriorityGrouping
                0x080018dc       0x24 CMakeFiles/Demo1.elf.dir/Drivers/STM32F1xx_HAL_Driver/Src/stm32f1xx_hal_cortex.c.obj
                0x080018dc                HAL_NVIC_SetPriorityGrouping
 .text.HAL_NVIC_SetPriority
                0x08001900       0x70 CMakeFiles/Demo1.elf.dir/Drivers/STM32F1xx_HAL_Driver/Src/stm32f1xx_hal_cortex.c.obj
                0x08001900                HAL_NVIC_SetPriority
 .text.HAL_NVIC_EnableIRQ
                0x08001970       0x1c CMakeFiles/Demo1.elf.dir/Drivers/STM32F1xx_HAL_Driver/Src/stm32f1xx_hal_cortex.c.obj
                0x08001970                HAL_NVIC_EnableIRQ
 .text.HAL_SYSTICK_Config
                0x0800198c       0x28 CMakeFiles/Demo1.elf.dir/Drivers/STM32F1xx_HAL_Driver/Src/stm32f1xx_hal_cortex.c.obj
                0x0800198c                HAL_SYSTICK_Config
 .text.HAL_GPIO_Init
                0x080019b4      0x240 CMakeFiles/Demo1.elf.dir/Drivers/STM32F1xx_HAL_Driver/Src/stm32f1xx_hal_gpio.c.obj
                0x080019b4                HAL_GPIO_Init
 .text.HAL_GPIO_WritePin
                0x08001bf4        0xc CMakeFiles/Demo1.elf.dir/Drivers/STM32F1xx_HAL_Driver/Src/stm32f1xx_hal_gpio.c.obj
                0x08001bf4                HAL_GPIO_WritePin
 .text.HAL_I2C_Init
                0x08001c00      0x1bc CMakeFiles/Demo1.elf.dir/Drivers/STM32F1xx_HAL_Driver/Src/stm32f1xx_hal_i2c.c.obj
                0x08001c00                HAL_I2C_Init
 .text.RCC_Delay
                0x08001dbc       0x2c CMakeFiles/Demo1.elf.dir/Drivers/STM32F1xx_HAL_Driver/Src/stm32f1xx_hal_rcc.c.obj
 .text.HAL_RCC_OscConfig
                0x08001de8      0x410 CMakeFiles/Demo1.elf.dir/Drivers/STM32F1xx_HAL_Driver/Src/stm32f1xx_hal_rcc.c.obj
                0x08001de8                HAL_RCC_OscConfig
 .text.HAL_RCC_GetSysClockFreq
                0x080021f8       0x54 CMakeFiles/Demo1.elf.dir/Drivers/STM32F1xx_HAL_Driver/Src/stm32f1xx_hal_rcc.c.obj
                0x080021f8                HAL_RCC_GetSysClockFreq
 .text.HAL_RCC_ClockConfig
                0x0800224c      0x16c CMakeFiles/Demo1.elf.dir/Drivers/STM32F1xx_HAL_Driver/Src/stm32f1xx_hal_rcc.c.obj
                0x0800224c                HAL_RCC_ClockConfig
 .text.HAL_RCC_GetHCLKFreq
                0x080023b8        0xc CMakeFiles/Demo1.elf.dir/Drivers/STM32F1xx_HAL_Driver/Src/stm32f1xx_hal_rcc.c.obj
                0x080023b8                HAL_RCC_GetHCLKFreq
 .text.HAL_RCC_GetPCLK1Freq
                0x080023c4       0x20 CMakeFiles/Demo1.elf.dir/Drivers/STM32F1xx_HAL_Driver/Src/stm32f1xx_hal_rcc.c.obj
                0x080023c4                HAL_RCC_GetPCLK1Freq
 .text.TIM_OC1_SetConfig
                0x080023e4       0x68 CMakeFiles/Demo1.elf.dir/Drivers/STM32F1xx_HAL_Driver/Src/stm32f1xx_hal_tim.c.obj
 .text.TIM_OC3_SetConfig
                0x0800244c       0x70 CMakeFiles/Demo1.elf.dir/Drivers/STM32F1xx_HAL_Driver/Src/stm32f1xx_hal_tim.c.obj
 .text.TIM_OC4_SetConfig
                0x080024bc       0x50 CMakeFiles/Demo1.elf.dir/Drivers/STM32F1xx_HAL_Driver/Src/stm32f1xx_hal_tim.c.obj
 .text.TIM_TI1_ConfigInputStage
                0x0800250c       0x24 CMakeFiles/Demo1.elf.dir/Drivers/STM32F1xx_HAL_Driver/Src/stm32f1xx_hal_tim.c.obj
 .text.TIM_TI2_ConfigInputStage
                0x08002530       0x26 CMakeFiles/Demo1.elf.dir/Drivers/STM32F1xx_HAL_Driver/Src/stm32f1xx_hal_tim.c.obj
 .text.TIM_ITRx_SetConfig
                0x08002556       0x10 CMakeFiles/Demo1.elf.dir/Drivers/STM32F1xx_HAL_Driver/Src/stm32f1xx_hal_tim.c.obj
 *fill*         0x08002566        0x2 
 .text.HAL_TIM_Base_Start
                0x08002568       0x6c CMakeFiles/Demo1.elf.dir/Drivers/STM32F1xx_HAL_Driver/Src/stm32f1xx_hal_tim.c.obj
                0x08002568                HAL_TIM_Base_Start
 .text.HAL_TIM_Base_Start_IT
                0x080025d4       0x78 CMakeFiles/Demo1.elf.dir/Drivers/STM32F1xx_HAL_Driver/Src/stm32f1xx_hal_tim.c.obj
                0x080025d4                HAL_TIM_Base_Start_IT
 .text.HAL_TIM_PWM_MspInit
                0x0800264c        0x2 CMakeFiles/Demo1.elf.dir/Drivers/STM32F1xx_HAL_Driver/Src/stm32f1xx_hal_tim.c.obj
                0x0800264c                HAL_TIM_PWM_MspInit
 .text.HAL_TIM_OC_DelayElapsedCallback
                0x0800264e        0x2 CMakeFiles/Demo1.elf.dir/Drivers/STM32F1xx_HAL_Driver/Src/stm32f1xx_hal_tim.c.obj
                0x0800264e                HAL_TIM_OC_DelayElapsedCallback
 .text.HAL_TIM_IC_CaptureCallback
                0x08002650        0x2 CMakeFiles/Demo1.elf.dir/Drivers/STM32F1xx_HAL_Driver/Src/stm32f1xx_hal_tim.c.obj
                0x08002650                HAL_TIM_IC_CaptureCallback
 .text.HAL_TIM_PWM_PulseFinishedCallback
                0x08002652        0x2 CMakeFiles/Demo1.elf.dir/Drivers/STM32F1xx_HAL_Driver/Src/stm32f1xx_hal_tim.c.obj
                0x08002652                HAL_TIM_PWM_PulseFinishedCallback
 .text.HAL_TIM_TriggerCallback
                0x08002654        0x2 CMakeFiles/Demo1.elf.dir/Drivers/STM32F1xx_HAL_Driver/Src/stm32f1xx_hal_tim.c.obj
                0x08002654                HAL_TIM_TriggerCallback
 .text.HAL_TIM_IRQHandler
                0x08002656      0x17a CMakeFiles/Demo1.elf.dir/Drivers/STM32F1xx_HAL_Driver/Src/stm32f1xx_hal_tim.c.obj
                0x08002656                HAL_TIM_IRQHandler
 .text.TIM_Base_SetConfig
                0x080027d0       0x98 CMakeFiles/Demo1.elf.dir/Drivers/STM32F1xx_HAL_Driver/Src/stm32f1xx_hal_tim.c.obj
                0x080027d0                TIM_Base_SetConfig
 .text.HAL_TIM_Base_Init
                0x08002868       0x58 CMakeFiles/Demo1.elf.dir/Drivers/STM32F1xx_HAL_Driver/Src/stm32f1xx_hal_tim.c.obj
                0x08002868                HAL_TIM_Base_Init
 .text.HAL_TIM_PWM_Init
                0x080028c0       0x58 CMakeFiles/Demo1.elf.dir/Drivers/STM32F1xx_HAL_Driver/Src/stm32f1xx_hal_tim.c.obj
                0x080028c0                HAL_TIM_PWM_Init
 .text.HAL_TIM_Encoder_Init
                0x08002918       0xb8 CMakeFiles/Demo1.elf.dir/Drivers/STM32F1xx_HAL_Driver/Src/stm32f1xx_hal_tim.c.obj
                0x08002918                HAL_TIM_Encoder_Init
 .text.TIM_OC2_SetConfig
                0x080029d0       0x70 CMakeFiles/Demo1.elf.dir/Drivers/STM32F1xx_HAL_Driver/Src/stm32f1xx_hal_tim.c.obj
                0x080029d0                TIM_OC2_SetConfig
 .text.HAL_TIM_PWM_ConfigChannel
                0x08002a40       0xdc CMakeFiles/Demo1.elf.dir/Drivers/STM32F1xx_HAL_Driver/Src/stm32f1xx_hal_tim.c.obj
                0x08002a40                HAL_TIM_PWM_ConfigChannel
 .text.TIM_ETR_SetConfig
                0x08002b1c       0x18 CMakeFiles/Demo1.elf.dir/Drivers/STM32F1xx_HAL_Driver/Src/stm32f1xx_hal_tim.c.obj
                0x08002b1c                TIM_ETR_SetConfig
 .text.HAL_TIM_ConfigClockSource
                0x08002b34       0xfe CMakeFiles/Demo1.elf.dir/Drivers/STM32F1xx_HAL_Driver/Src/stm32f1xx_hal_tim.c.obj
                0x08002b34                HAL_TIM_ConfigClockSource
 .text.TIM_CCxChannelCmd
                0x08002c32       0x1e CMakeFiles/Demo1.elf.dir/Drivers/STM32F1xx_HAL_Driver/Src/stm32f1xx_hal_tim.c.obj
                0x08002c32                TIM_CCxChannelCmd
 .text.HAL_TIM_PWM_Start
                0x08002c50       0xf4 CMakeFiles/Demo1.elf.dir/Drivers/STM32F1xx_HAL_Driver/Src/stm32f1xx_hal_tim.c.obj
                0x08002c50                HAL_TIM_PWM_Start
 .text.HAL_TIM_Encoder_Start
                0x08002d44       0xcc CMakeFiles/Demo1.elf.dir/Drivers/STM32F1xx_HAL_Driver/Src/stm32f1xx_hal_tim.c.obj
                0x08002d44                HAL_TIM_Encoder_Start
 .text.HAL_TIMEx_MasterConfigSynchronization
                0x08002e10       0x7c CMakeFiles/Demo1.elf.dir/Drivers/STM32F1xx_HAL_Driver/Src/stm32f1xx_hal_tim_ex.c.obj
                0x08002e10                HAL_TIMEx_MasterConfigSynchronization
 .text.HAL_TIMEx_CommutCallback
                0x08002e8c        0x2 CMakeFiles/Demo1.elf.dir/Drivers/STM32F1xx_HAL_Driver/Src/stm32f1xx_hal_tim_ex.c.obj
                0x08002e8c                HAL_TIMEx_CommutCallback
 .text.HAL_TIMEx_BreakCallback
                0x08002e8e        0x2 CMakeFiles/Demo1.elf.dir/Drivers/STM32F1xx_HAL_Driver/Src/stm32f1xx_hal_tim_ex.c.obj
                0x08002e8e                HAL_TIMEx_BreakCallback
 .text.Car_GoAhead
                0x08002e90       0x1c CMakeFiles/Demo1.elf.dir/Hardware/Car.c.obj
                0x08002e90                Car_GoAhead
 .text.Counter_INIT
                0x08002eac       0x38 CMakeFiles/Demo1.elf.dir/Hardware/Encoder.c.obj
                0x08002eac                Counter_INIT
 .text.Read_counter1
                0x08002ee4        0xe CMakeFiles/Demo1.elf.dir/Hardware/Encoder.c.obj
                0x08002ee4                Read_counter1
 *fill*         0x08002ef2        0x2 
 .text.Read_counter2
                0x08002ef4       0x10 CMakeFiles/Demo1.elf.dir/Hardware/Encoder.c.obj
                0x08002ef4                Read_counter2
 *fill*         0x08002f04        0x4 
 .text.Calculate_counter
                0x08002f08       0x58 CMakeFiles/Demo1.elf.dir/Hardware/Encoder.c.obj
                0x08002f08                Calculate_counter
 .text.counter_all_1
                0x08002f60        0xc CMakeFiles/Demo1.elf.dir/Hardware/Encoder.c.obj
                0x08002f60                counter_all_1
 .text.counter_all_2
                0x08002f6c       0x10 CMakeFiles/Demo1.elf.dir/Hardware/Encoder.c.obj
                0x08002f6c                counter_all_2
 *fill*         0x08002f7c        0x4 
 .text.distance_transform
                0x08002f80       0x40 CMakeFiles/Demo1.elf.dir/Hardware/Encoder.c.obj
                0x08002f80                distance_transform
 .text.PID_Init
                0x08002fc0       0x10 CMakeFiles/Demo1.elf.dir/Hardware/PID.c.obj
                0x08002fc0                PID_Init
 .text.PID_Calc
                0x08002fd0       0x96 CMakeFiles/Demo1.elf.dir/Hardware/PID.c.obj
                0x08002fd0                PID_Calc
 *fill*         0x08003066        0x2 
 .text.Motor_Left_DIR
                0x08003068       0x5c CMakeFiles/Demo1.elf.dir/Hardware/motor.c.obj
                0x08003068                Motor_Left_DIR
 .text.Motor_Right_DIR
                0x080030c4       0x68 CMakeFiles/Demo1.elf.dir/Hardware/motor.c.obj
                0x080030c4                Motor_Right_DIR
 .text.Load_Motor_PWM
                0x0800312c       0x2c CMakeFiles/Demo1.elf.dir/Hardware/motor.c.obj
                0x0800312c                Load_Motor_PWM
 .text.__libc_init_array
                0x08003158       0x48 e:/gcc-arm-none-eabi-10.3-2021.10/bin/../lib/gcc/arm-none-eabi/10.3.1/../../../../arm-none-eabi/lib/thumb/v7-m/nofp\libg.a(lib_a-init.o)
                0x08003158                __libc_init_array
 .text.memset   0x080031a0       0xa4 e:/gcc-arm-none-eabi-10.3-2021.10/bin/../lib/gcc/arm-none-eabi/10.3.1/../../../../arm-none-eabi/lib/thumb/v7-m/nofp\libg.a(lib_a-memset.o)
                0x080031a0                memset
 .text.startup.register_fini
                0x08003244       0x14 e:/gcc-arm-none-eabi-10.3-2021.10/bin/../lib/gcc/arm-none-eabi/10.3.1/../../../../arm-none-eabi/lib/thumb/v7-m/nofp\libg.a(lib_a-__call_atexit.o)
 .text.atexit   0x08003258        0xc e:/gcc-arm-none-eabi-10.3-2021.10/bin/../lib/gcc/arm-none-eabi/10.3.1/../../../../arm-none-eabi/lib/thumb/v7-m/nofp\libg.a(lib_a-atexit.o)
                0x08003258                atexit
 .text.__libc_fini_array
                0x08003264       0x2c e:/gcc-arm-none-eabi-10.3-2021.10/bin/../lib/gcc/arm-none-eabi/10.3.1/../../../../arm-none-eabi/lib/thumb/v7-m/nofp\libg.a(lib_a-fini.o)
                0x08003264                __libc_fini_array
 .text.__retarget_lock_acquire_recursive
                0x08003290        0x4 e:/gcc-arm-none-eabi-10.3-2021.10/bin/../lib/gcc/arm-none-eabi/10.3.1/../../../../arm-none-eabi/lib/thumb/v7-m/nofp\libg.a(lib_a-lock.o)
                0x08003290                __retarget_lock_acquire_recursive
 .text.__retarget_lock_release_recursive
                0x08003294        0x4 e:/gcc-arm-none-eabi-10.3-2021.10/bin/../lib/gcc/arm-none-eabi/10.3.1/../../../../arm-none-eabi/lib/thumb/v7-m/nofp\libg.a(lib_a-lock.o)
                0x08003294                __retarget_lock_release_recursive
 .text.__register_exitproc
                0x08003298       0x8c e:/gcc-arm-none-eabi-10.3-2021.10/bin/../lib/gcc/arm-none-eabi/10.3.1/../../../../arm-none-eabi/lib/thumb/v7-m/nofp\libg.a(lib_a-__atexit.o)
                0x08003298                __register_exitproc
 *(.glue_7)
 .glue_7        0x08003324        0x0 linker stubs
 *(.glue_7t)
 .glue_7t       0x08003324        0x0 linker stubs
 *(.eh_frame)
 .eh_frame      0x08003324        0x0 e:/gcc-arm-none-eabi-10.3-2021.10/bin/../lib/gcc/arm-none-eabi/10.3.1/thumb/v7-m/nofp/crtbegin.o
 *(.init)
 .init          0x08003324        0x4 e:/gcc-arm-none-eabi-10.3-2021.10/bin/../lib/gcc/arm-none-eabi/10.3.1/thumb/v7-m/nofp/crti.o
                0x08003324                _init
 .init          0x08003328        0x8 e:/gcc-arm-none-eabi-10.3-2021.10/bin/../lib/gcc/arm-none-eabi/10.3.1/thumb/v7-m/nofp/crtn.o
 *(.fini)
 .fini          0x08003330        0x4 e:/gcc-arm-none-eabi-10.3-2021.10/bin/../lib/gcc/arm-none-eabi/10.3.1/thumb/v7-m/nofp/crti.o
                0x08003330                _fini
 .fini          0x08003334        0x8 e:/gcc-arm-none-eabi-10.3-2021.10/bin/../lib/gcc/arm-none-eabi/10.3.1/thumb/v7-m/nofp/crtn.o
                0x0800333c                . = ALIGN (0x4)
                0x0800333c                _etext = .

.vfp11_veneer   0x0800333c        0x0
 .vfp11_veneer  0x0800333c        0x0 linker stubs

.v4_bx          0x0800333c        0x0
 .v4_bx         0x0800333c        0x0 linker stubs

.iplt           0x0800333c        0x0
 .iplt          0x0800333c        0x0 e:/gcc-arm-none-eabi-10.3-2021.10/bin/../lib/gcc/arm-none-eabi/10.3.1/thumb/v7-m/nofp/crtbegin.o

.rodata         0x0800333c       0x30
                0x0800333c                . = ALIGN (0x4)
 *(.rodata)
 *(.rodata*)
 .rodata.AHBPrescTable
                0x0800333c       0x10 CMakeFiles/Demo1.elf.dir/Core/Src/system_stm32f1xx.c.obj
                0x0800333c                AHBPrescTable
 .rodata.APBPrescTable
                0x0800334c        0x8 CMakeFiles/Demo1.elf.dir/Core/Src/system_stm32f1xx.c.obj
                0x0800334c                APBPrescTable
 .rodata.aPLLMULFactorTable.1
                0x08003354       0x10 CMakeFiles/Demo1.elf.dir/Drivers/STM32F1xx_HAL_Driver/Src/stm32f1xx_hal_rcc.c.obj
 .rodata.aPredivFactorTable.0
                0x08003364        0x2 CMakeFiles/Demo1.elf.dir/Drivers/STM32F1xx_HAL_Driver/Src/stm32f1xx_hal_rcc.c.obj
 *fill*         0x08003366        0x2 
 .rodata._global_impure_ptr
                0x08003368        0x4 e:/gcc-arm-none-eabi-10.3-2021.10/bin/../lib/gcc/arm-none-eabi/10.3.1/../../../../arm-none-eabi/lib/thumb/v7-m/nofp\libg.a(lib_a-impure.o)
                0x08003368                _global_impure_ptr
                0x0800336c                . = ALIGN (0x4)

.rel.dyn        0x0800336c        0x0
 .rel.iplt      0x0800336c        0x0 e:/gcc-arm-none-eabi-10.3-2021.10/bin/../lib/gcc/arm-none-eabi/10.3.1/thumb/v7-m/nofp/crtbegin.o

.ARM.extab      0x0800336c        0x0
                0x0800336c                . = ALIGN (0x4)
 *(.ARM.extab* .gnu.linkonce.armextab.*)
                0x0800336c                . = ALIGN (0x4)

.ARM            0x0800336c        0x0
                0x0800336c                . = ALIGN (0x4)
                0x0800336c                __exidx_start = .
 *(.ARM.exidx*)
                0x0800336c                __exidx_end = .
                0x0800336c                . = ALIGN (0x4)

.preinit_array  0x0800336c        0x0
                0x0800336c                . = ALIGN (0x4)
                0x0800336c                PROVIDE (__preinit_array_start = .)
 *(.preinit_array*)
                0x0800336c                PROVIDE (__preinit_array_end = .)
                0x0800336c                . = ALIGN (0x4)

.init_array     0x0800336c        0x8
                0x0800336c                . = ALIGN (0x4)
                0x0800336c                PROVIDE (__init_array_start = .)
 *(SORT_BY_NAME(.init_array.*))
 .init_array.00000
                0x0800336c        0x4 e:/gcc-arm-none-eabi-10.3-2021.10/bin/../lib/gcc/arm-none-eabi/10.3.1/../../../../arm-none-eabi/lib/thumb/v7-m/nofp\libg.a(lib_a-__call_atexit.o)
 *(.init_array*)
 .init_array    0x08003370        0x4 e:/gcc-arm-none-eabi-10.3-2021.10/bin/../lib/gcc/arm-none-eabi/10.3.1/thumb/v7-m/nofp/crtbegin.o
                0x08003374                PROVIDE (__init_array_end = .)
                0x08003374                . = ALIGN (0x4)

.fini_array     0x08003374        0x4
                0x08003374                . = ALIGN (0x4)
                0x08003374                PROVIDE (__fini_array_start = .)
 *(SORT_BY_NAME(.fini_array.*))
 *(.fini_array*)
 .fini_array    0x08003374        0x4 e:/gcc-arm-none-eabi-10.3-2021.10/bin/../lib/gcc/arm-none-eabi/10.3.1/thumb/v7-m/nofp/crtbegin.o
                0x08003378                PROVIDE (__fini_array_end = .)
                0x08003378                . = ALIGN (0x4)
                0x08003378                _sidata = LOADADDR (.data)

.data           0x20000000      0x43c load address 0x08003378
                0x20000000                . = ALIGN (0x4)
                0x20000000                _sdata = .
 *(.data)
 *(.data*)
 .data.distance
                0x20000000        0x4 CMakeFiles/Demo1.elf.dir/Core/Src/main.c.obj
 .data.SystemCoreClock
                0x20000004        0x4 CMakeFiles/Demo1.elf.dir/Core/Src/system_stm32f1xx.c.obj
                0x20000004                SystemCoreClock
 .data.uwTickFreq
                0x20000008        0x1 CMakeFiles/Demo1.elf.dir/Drivers/STM32F1xx_HAL_Driver/Src/stm32f1xx_hal.c.obj
                0x20000008                uwTickFreq
 *fill*         0x20000009        0x3 
 .data.uwTickPrio
                0x2000000c        0x4 CMakeFiles/Demo1.elf.dir/Drivers/STM32F1xx_HAL_Driver/Src/stm32f1xx_hal.c.obj
                0x2000000c                uwTickPrio
 .data.impure_data
                0x20000010      0x428 e:/gcc-arm-none-eabi-10.3-2021.10/bin/../lib/gcc/arm-none-eabi/10.3.1/../../../../arm-none-eabi/lib/thumb/v7-m/nofp\libg.a(lib_a-impure.o)
 .data.__atexit_recursive_mutex
                0x20000438        0x4 e:/gcc-arm-none-eabi-10.3-2021.10/bin/../lib/gcc/arm-none-eabi/10.3.1/../../../../arm-none-eabi/lib/thumb/v7-m/nofp\libg.a(lib_a-__call_atexit.o)
                0x20000438                __atexit_recursive_mutex
 *(.RamFunc)
 *(.RamFunc*)
                0x2000043c                . = ALIGN (0x4)
                0x2000043c                _edata = .

.igot.plt       0x2000043c        0x0 load address 0x080037b4
 .igot.plt      0x2000043c        0x0 e:/gcc-arm-none-eabi-10.3-2021.10/bin/../lib/gcc/arm-none-eabi/10.3.1/thumb/v7-m/nofp/crtbegin.o
                0x2000043c                . = ALIGN (0x4)

.bss            0x2000043c      0x204 load address 0x080037b4
                0x2000043c                _sbss = .
                0x2000043c                __bss_start__ = _sbss
 *(.bss)
 .bss           0x2000043c       0x1c e:/gcc-arm-none-eabi-10.3-2021.10/bin/../lib/gcc/arm-none-eabi/10.3.1/thumb/v7-m/nofp/crtbegin.o
 *(.bss*)
 .bss.hi2c2     0x20000458       0x54 CMakeFiles/Demo1.elf.dir/Core/Src/i2c.c.obj
                0x20000458                hi2c2
 .bss.TimerCount
                0x200004ac        0x4 CMakeFiles/Demo1.elf.dir/Core/Src/main.c.obj
 .bss.counter1  0x200004b0        0x4 CMakeFiles/Demo1.elf.dir/Core/Src/main.c.obj
 .bss.counter2  0x200004b4        0x4 CMakeFiles/Demo1.elf.dir/Core/Src/main.c.obj
 .bss.counter_all1
                0x200004b8        0x4 CMakeFiles/Demo1.elf.dir/Core/Src/main.c.obj
 .bss.counter_all2
                0x200004bc        0x4 CMakeFiles/Demo1.elf.dir/Core/Src/main.c.obj
 .bss.distance1
                0x200004c0        0x4 CMakeFiles/Demo1.elf.dir/Core/Src/main.c.obj
 .bss.distance2
                0x200004c4        0x4 CMakeFiles/Demo1.elf.dir/Core/Src/main.c.obj
 .bss.pid1      0x200004c8       0x24 CMakeFiles/Demo1.elf.dir/Core/Src/main.c.obj
                0x200004c8                pid1
 .bss.pid2      0x200004ec       0x24 CMakeFiles/Demo1.elf.dir/Core/Src/main.c.obj
                0x200004ec                pid2
 .bss.speed1    0x20000510        0x4 CMakeFiles/Demo1.elf.dir/Core/Src/main.c.obj
 .bss.speed2    0x20000514        0x4 CMakeFiles/Demo1.elf.dir/Core/Src/main.c.obj
 .bss.htim2     0x20000518       0x48 CMakeFiles/Demo1.elf.dir/Core/Src/tim.c.obj
                0x20000518                htim2
 .bss.htim3     0x20000560       0x48 CMakeFiles/Demo1.elf.dir/Core/Src/tim.c.obj
                0x20000560                htim3
 .bss.htim4     0x200005a8       0x48 CMakeFiles/Demo1.elf.dir/Core/Src/tim.c.obj
                0x200005a8                htim4
 .bss.htim5     0x200005f0       0x48 CMakeFiles/Demo1.elf.dir/Core/Src/tim.c.obj
                0x200005f0                htim5
 .bss.uwTick    0x20000638        0x4 CMakeFiles/Demo1.elf.dir/Drivers/STM32F1xx_HAL_Driver/Src/stm32f1xx_hal.c.obj
                0x20000638                uwTick
 .bss.__lock___atexit_recursive_mutex
                0x2000063c        0x1 e:/gcc-arm-none-eabi-10.3-2021.10/bin/../lib/gcc/arm-none-eabi/10.3.1/../../../../arm-none-eabi/lib/thumb/v7-m/nofp\libg.a(lib_a-lock.o)
                0x2000063c                __lock___atexit_recursive_mutex
 *(COMMON)
                0x20000640                . = ALIGN (0x4)
 *fill*         0x2000063d        0x3 
                0x20000640                _ebss = .
                0x20000640                __bss_end__ = _ebss

._user_heap_stack
                0x20000640      0x600 load address 0x080037b4
                0x20000640                . = ALIGN (0x8)
                [!provide]                PROVIDE (end = .)
                0x20000640                PROVIDE (_end = .)
                0x20000840                . = (. + _Min_Heap_Size)
 *fill*         0x20000640      0x200 
                0x20000c40                . = (. + _Min_Stack_Size)
 *fill*         0x20000840      0x400 
                0x20000c40                . = ALIGN (0x8)

/DISCARD/
 libc.a(*)
 libm.a(*)
 libgcc.a(*)

.ARM.attributes
                0x00000000       0x29
 *(.ARM.attributes)
 .ARM.attributes
                0x00000000       0x1d e:/gcc-arm-none-eabi-10.3-2021.10/bin/../lib/gcc/arm-none-eabi/10.3.1/thumb/v7-m/nofp/crti.o
 .ARM.attributes
                0x0000001d       0x2d e:/gcc-arm-none-eabi-10.3-2021.10/bin/../lib/gcc/arm-none-eabi/10.3.1/thumb/v7-m/nofp/crtbegin.o
 .ARM.attributes
                0x0000004a       0x2d CMakeFiles/Demo1.elf.dir/Core/Src/gpio.c.obj
 .ARM.attributes
                0x00000077       0x2d CMakeFiles/Demo1.elf.dir/Core/Src/i2c.c.obj
 .ARM.attributes
                0x000000a4       0x2d CMakeFiles/Demo1.elf.dir/Core/Src/main.c.obj
 .ARM.attributes
                0x000000d1       0x2d CMakeFiles/Demo1.elf.dir/Core/Src/stm32f1xx_hal_msp.c.obj
 .ARM.attributes
                0x000000fe       0x2d CMakeFiles/Demo1.elf.dir/Core/Src/stm32f1xx_it.c.obj
 .ARM.attributes
                0x0000012b       0x2d CMakeFiles/Demo1.elf.dir/Core/Src/system_stm32f1xx.c.obj
 .ARM.attributes
                0x00000158       0x2d CMakeFiles/Demo1.elf.dir/Core/Src/tim.c.obj
 .ARM.attributes
                0x00000185       0x21 CMakeFiles/Demo1.elf.dir/Core/Startup/startup_stm32f103rctx.s.obj
 .ARM.attributes
                0x000001a6       0x2d CMakeFiles/Demo1.elf.dir/Drivers/STM32F1xx_HAL_Driver/Src/stm32f1xx_hal.c.obj
 .ARM.attributes
                0x000001d3       0x2d CMakeFiles/Demo1.elf.dir/Drivers/STM32F1xx_HAL_Driver/Src/stm32f1xx_hal_cortex.c.obj
 .ARM.attributes
                0x00000200       0x2d CMakeFiles/Demo1.elf.dir/Drivers/STM32F1xx_HAL_Driver/Src/stm32f1xx_hal_gpio.c.obj
 .ARM.attributes
                0x0000022d       0x2d CMakeFiles/Demo1.elf.dir/Drivers/STM32F1xx_HAL_Driver/Src/stm32f1xx_hal_i2c.c.obj
 .ARM.attributes
                0x0000025a       0x2d CMakeFiles/Demo1.elf.dir/Drivers/STM32F1xx_HAL_Driver/Src/stm32f1xx_hal_rcc.c.obj
 .ARM.attributes
                0x00000287       0x2d CMakeFiles/Demo1.elf.dir/Drivers/STM32F1xx_HAL_Driver/Src/stm32f1xx_hal_tim.c.obj
 .ARM.attributes
                0x000002b4       0x2d CMakeFiles/Demo1.elf.dir/Drivers/STM32F1xx_HAL_Driver/Src/stm32f1xx_hal_tim_ex.c.obj
 .ARM.attributes
                0x000002e1       0x2d CMakeFiles/Demo1.elf.dir/Hardware/Car.c.obj
 .ARM.attributes
                0x0000030e       0x2d CMakeFiles/Demo1.elf.dir/Hardware/Encoder.c.obj
 .ARM.attributes
                0x0000033b       0x2d CMakeFiles/Demo1.elf.dir/Hardware/PID.c.obj
 .ARM.attributes
                0x00000368       0x2d CMakeFiles/Demo1.elf.dir/Hardware/motor.c.obj
 .ARM.attributes
                0x00000395       0x1d e:/gcc-arm-none-eabi-10.3-2021.10/bin/../lib/gcc/arm-none-eabi/10.3.1/thumb/v7-m/nofp\libgcc.a(_arm_addsubdf3.o)
 .ARM.attributes
                0x000003b2       0x1d e:/gcc-arm-none-eabi-10.3-2021.10/bin/../lib/gcc/arm-none-eabi/10.3.1/thumb/v7-m/nofp\libgcc.a(_arm_muldivdf3.o)
 .ARM.attributes
                0x000003cf       0x1d e:/gcc-arm-none-eabi-10.3-2021.10/bin/../lib/gcc/arm-none-eabi/10.3.1/thumb/v7-m/nofp\libgcc.a(_arm_fixdfsi.o)
 .ARM.attributes
                0x000003ec       0x1d e:/gcc-arm-none-eabi-10.3-2021.10/bin/../lib/gcc/arm-none-eabi/10.3.1/thumb/v7-m/nofp\libgcc.a(_arm_truncdfsf2.o)
 .ARM.attributes
                0x00000409       0x1d e:/gcc-arm-none-eabi-10.3-2021.10/bin/../lib/gcc/arm-none-eabi/10.3.1/thumb/v7-m/nofp\libgcc.a(_arm_addsubsf3.o)
 .ARM.attributes
                0x00000426       0x1d e:/gcc-arm-none-eabi-10.3-2021.10/bin/../lib/gcc/arm-none-eabi/10.3.1/thumb/v7-m/nofp\libgcc.a(_arm_muldivsf3.o)
 .ARM.attributes
                0x00000443       0x1d e:/gcc-arm-none-eabi-10.3-2021.10/bin/../lib/gcc/arm-none-eabi/10.3.1/thumb/v7-m/nofp\libgcc.a(_arm_cmpsf2.o)
 .ARM.attributes
                0x00000460       0x1d e:/gcc-arm-none-eabi-10.3-2021.10/bin/../lib/gcc/arm-none-eabi/10.3.1/thumb/v7-m/nofp\libgcc.a(_arm_fixunssfsi.o)
 .ARM.attributes
                0x0000047d       0x2d e:/gcc-arm-none-eabi-10.3-2021.10/bin/../lib/gcc/arm-none-eabi/10.3.1/../../../../arm-none-eabi/lib/thumb/v7-m/nofp\libg.a(lib_a-impure.o)
 .ARM.attributes
                0x000004aa       0x2d e:/gcc-arm-none-eabi-10.3-2021.10/bin/../lib/gcc/arm-none-eabi/10.3.1/../../../../arm-none-eabi/lib/thumb/v7-m/nofp\libg.a(lib_a-init.o)
 .ARM.attributes
                0x000004d7       0x2d e:/gcc-arm-none-eabi-10.3-2021.10/bin/../lib/gcc/arm-none-eabi/10.3.1/../../../../arm-none-eabi/lib/thumb/v7-m/nofp\libg.a(lib_a-memset.o)
 .ARM.attributes
                0x00000504       0x2d e:/gcc-arm-none-eabi-10.3-2021.10/bin/../lib/gcc/arm-none-eabi/10.3.1/../../../../arm-none-eabi/lib/thumb/v7-m/nofp\libg.a(lib_a-__call_atexit.o)
 .ARM.attributes
                0x00000531       0x2d e:/gcc-arm-none-eabi-10.3-2021.10/bin/../lib/gcc/arm-none-eabi/10.3.1/../../../../arm-none-eabi/lib/thumb/v7-m/nofp\libg.a(lib_a-atexit.o)
 .ARM.attributes
                0x0000055e       0x2d e:/gcc-arm-none-eabi-10.3-2021.10/bin/../lib/gcc/arm-none-eabi/10.3.1/../../../../arm-none-eabi/lib/thumb/v7-m/nofp\libg.a(lib_a-fini.o)
 .ARM.attributes
                0x0000058b       0x2d e:/gcc-arm-none-eabi-10.3-2021.10/bin/../lib/gcc/arm-none-eabi/10.3.1/../../../../arm-none-eabi/lib/thumb/v7-m/nofp\libg.a(lib_a-lock.o)
 .ARM.attributes
                0x000005b8       0x2d e:/gcc-arm-none-eabi-10.3-2021.10/bin/../lib/gcc/arm-none-eabi/10.3.1/../../../../arm-none-eabi/lib/thumb/v7-m/nofp\libg.a(lib_a-__atexit.o)
 .ARM.attributes
                0x000005e5       0x1d e:/gcc-arm-none-eabi-10.3-2021.10/bin/../lib/gcc/arm-none-eabi/10.3.1/thumb/v7-m/nofp/crtn.o
OUTPUT(Demo1.elf elf32-littlearm)
LOAD linker stubs
LOAD e:/gcc-arm-none-eabi-10.3-2021.10/bin/../lib/gcc/arm-none-eabi/10.3.1/../../../../arm-none-eabi/lib/thumb/v7-m/nofp\libc.a
LOAD e:/gcc-arm-none-eabi-10.3-2021.10/bin/../lib/gcc/arm-none-eabi/10.3.1/../../../../arm-none-eabi/lib/thumb/v7-m/nofp\libm.a
LOAD e:/gcc-arm-none-eabi-10.3-2021.10/bin/../lib/gcc/arm-none-eabi/10.3.1/thumb/v7-m/nofp\libgcc.a

.debug_info     0x00000000    0x10587
 .debug_info    0x00000000      0x32d CMakeFiles/Demo1.elf.dir/Core/Src/gpio.c.obj
 .debug_info    0x0000032d      0x8a6 CMakeFiles/Demo1.elf.dir/Core/Src/i2c.c.obj
 .debug_info    0x00000bd3      0xced CMakeFiles/Demo1.elf.dir/Core/Src/main.c.obj
 .debug_info    0x000018c0      0x211 CMakeFiles/Demo1.elf.dir/Core/Src/stm32f1xx_hal_msp.c.obj
 .debug_info    0x00001ad1      0x757 CMakeFiles/Demo1.elf.dir/Core/Src/stm32f1xx_it.c.obj
 .debug_info    0x00002228      0x248 CMakeFiles/Demo1.elf.dir/Core/Src/system_stm32f1xx.c.obj
 .debug_info    0x00002470     0x1216 CMakeFiles/Demo1.elf.dir/Core/Src/tim.c.obj
 .debug_info    0x00003686       0x22 CMakeFiles/Demo1.elf.dir/Core/Startup/startup_stm32f103rctx.s.obj
 .debug_info    0x000036a8      0x80e CMakeFiles/Demo1.elf.dir/Drivers/STM32F1xx_HAL_Driver/Src/stm32f1xx_hal.c.obj
 .debug_info    0x00003eb6      0xdf0 CMakeFiles/Demo1.elf.dir/Drivers/STM32F1xx_HAL_Driver/Src/stm32f1xx_hal_cortex.c.obj
 .debug_info    0x00004ca6      0x66f CMakeFiles/Demo1.elf.dir/Drivers/STM32F1xx_HAL_Driver/Src/stm32f1xx_hal_gpio.c.obj
 .debug_info    0x00005315     0x3ab6 CMakeFiles/Demo1.elf.dir/Drivers/STM32F1xx_HAL_Driver/Src/stm32f1xx_hal_i2c.c.obj
 .debug_info    0x00008dcb      0xa3b CMakeFiles/Demo1.elf.dir/Drivers/STM32F1xx_HAL_Driver/Src/stm32f1xx_hal_rcc.c.obj
 .debug_info    0x00009806     0x3d52 CMakeFiles/Demo1.elf.dir/Drivers/STM32F1xx_HAL_Driver/Src/stm32f1xx_hal_tim.c.obj
 .debug_info    0x0000d558     0x1abb CMakeFiles/Demo1.elf.dir/Drivers/STM32F1xx_HAL_Driver/Src/stm32f1xx_hal_tim_ex.c.obj
 .debug_info    0x0000f013      0x15f CMakeFiles/Demo1.elf.dir/Hardware/Car.c.obj
 .debug_info    0x0000f172      0x8d7 CMakeFiles/Demo1.elf.dir/Hardware/Encoder.c.obj
 .debug_info    0x0000fa49      0x23c CMakeFiles/Demo1.elf.dir/Hardware/PID.c.obj
 .debug_info    0x0000fc85      0x902 CMakeFiles/Demo1.elf.dir/Hardware/motor.c.obj

.debug_abbrev   0x00000000     0x2137
 .debug_abbrev  0x00000000      0x13c CMakeFiles/Demo1.elf.dir/Core/Src/gpio.c.obj
 .debug_abbrev  0x0000013c      0x1c1 CMakeFiles/Demo1.elf.dir/Core/Src/i2c.c.obj
 .debug_abbrev  0x000002fd      0x262 CMakeFiles/Demo1.elf.dir/Core/Src/main.c.obj
 .debug_abbrev  0x0000055f       0xe5 CMakeFiles/Demo1.elf.dir/Core/Src/stm32f1xx_hal_msp.c.obj
 .debug_abbrev  0x00000644      0x179 CMakeFiles/Demo1.elf.dir/Core/Src/stm32f1xx_it.c.obj
 .debug_abbrev  0x000007bd      0x13e CMakeFiles/Demo1.elf.dir/Core/Src/system_stm32f1xx.c.obj
 .debug_abbrev  0x000008fb      0x241 CMakeFiles/Demo1.elf.dir/Core/Src/tim.c.obj
 .debug_abbrev  0x00000b3c       0x12 CMakeFiles/Demo1.elf.dir/Core/Startup/startup_stm32f103rctx.s.obj
 .debug_abbrev  0x00000b4e      0x1f4 CMakeFiles/Demo1.elf.dir/Drivers/STM32F1xx_HAL_Driver/Src/stm32f1xx_hal.c.obj
 .debug_abbrev  0x00000d42      0x341 CMakeFiles/Demo1.elf.dir/Drivers/STM32F1xx_HAL_Driver/Src/stm32f1xx_hal_cortex.c.obj
 .debug_abbrev  0x00001083      0x1e6 CMakeFiles/Demo1.elf.dir/Drivers/STM32F1xx_HAL_Driver/Src/stm32f1xx_hal_gpio.c.obj
 .debug_abbrev  0x00001269      0x293 CMakeFiles/Demo1.elf.dir/Drivers/STM32F1xx_HAL_Driver/Src/stm32f1xx_hal_i2c.c.obj
 .debug_abbrev  0x000014fc      0x27a CMakeFiles/Demo1.elf.dir/Drivers/STM32F1xx_HAL_Driver/Src/stm32f1xx_hal_rcc.c.obj
 .debug_abbrev  0x00001776      0x245 CMakeFiles/Demo1.elf.dir/Drivers/STM32F1xx_HAL_Driver/Src/stm32f1xx_hal_tim.c.obj
 .debug_abbrev  0x000019bb      0x248 CMakeFiles/Demo1.elf.dir/Drivers/STM32F1xx_HAL_Driver/Src/stm32f1xx_hal_tim_ex.c.obj
 .debug_abbrev  0x00001c03       0xbe CMakeFiles/Demo1.elf.dir/Hardware/Car.c.obj
 .debug_abbrev  0x00001cc1      0x1f0 CMakeFiles/Demo1.elf.dir/Hardware/Encoder.c.obj
 .debug_abbrev  0x00001eb1       0xfa CMakeFiles/Demo1.elf.dir/Hardware/PID.c.obj
 .debug_abbrev  0x00001fab      0x18c CMakeFiles/Demo1.elf.dir/Hardware/motor.c.obj

.debug_aranges  0x00000000      0xcd8
 .debug_aranges
                0x00000000       0x20 CMakeFiles/Demo1.elf.dir/Core/Src/gpio.c.obj
 .debug_aranges
                0x00000020       0x30 CMakeFiles/Demo1.elf.dir/Core/Src/i2c.c.obj
 .debug_aranges
                0x00000050       0x38 CMakeFiles/Demo1.elf.dir/Core/Src/main.c.obj
 .debug_aranges
                0x00000088       0x20 CMakeFiles/Demo1.elf.dir/Core/Src/stm32f1xx_hal_msp.c.obj
 .debug_aranges
                0x000000a8       0x78 CMakeFiles/Demo1.elf.dir/Core/Src/stm32f1xx_it.c.obj
 .debug_aranges
                0x00000120       0x28 CMakeFiles/Demo1.elf.dir/Core/Src/system_stm32f1xx.c.obj
 .debug_aranges
                0x00000148       0x60 CMakeFiles/Demo1.elf.dir/Core/Src/tim.c.obj
 .debug_aranges
                0x000001a8       0x28 CMakeFiles/Demo1.elf.dir/Core/Startup/startup_stm32f103rctx.s.obj
 .debug_aranges
                0x000001d0       0xe0 CMakeFiles/Demo1.elf.dir/Drivers/STM32F1xx_HAL_Driver/Src/stm32f1xx_hal.c.obj
 .debug_aranges
                0x000002b0       0x90 CMakeFiles/Demo1.elf.dir/Drivers/STM32F1xx_HAL_Driver/Src/stm32f1xx_hal_cortex.c.obj
 .debug_aranges
                0x00000340       0x58 CMakeFiles/Demo1.elf.dir/Drivers/STM32F1xx_HAL_Driver/Src/stm32f1xx_hal_gpio.c.obj
 .debug_aranges
                0x00000398      0x2a8 CMakeFiles/Demo1.elf.dir/Drivers/STM32F1xx_HAL_Driver/Src/stm32f1xx_hal_i2c.c.obj
 .debug_aranges
                0x00000640       0x90 CMakeFiles/Demo1.elf.dir/Drivers/STM32F1xx_HAL_Driver/Src/stm32f1xx_hal_rcc.c.obj
 .debug_aranges
                0x000006d0      0x3d0 CMakeFiles/Demo1.elf.dir/Drivers/STM32F1xx_HAL_Driver/Src/stm32f1xx_hal_tim.c.obj
 .debug_aranges
                0x00000aa0      0x168 CMakeFiles/Demo1.elf.dir/Drivers/STM32F1xx_HAL_Driver/Src/stm32f1xx_hal_tim_ex.c.obj
 .debug_aranges
                0x00000c08       0x28 CMakeFiles/Demo1.elf.dir/Hardware/Car.c.obj
 .debug_aranges
                0x00000c30       0x50 CMakeFiles/Demo1.elf.dir/Hardware/Encoder.c.obj
 .debug_aranges
                0x00000c80       0x28 CMakeFiles/Demo1.elf.dir/Hardware/PID.c.obj
 .debug_aranges
                0x00000ca8       0x30 CMakeFiles/Demo1.elf.dir/Hardware/motor.c.obj

.debug_ranges   0x00000000      0xc48
 .debug_ranges  0x00000000       0x10 CMakeFiles/Demo1.elf.dir/Core/Src/gpio.c.obj
 .debug_ranges  0x00000010       0x20 CMakeFiles/Demo1.elf.dir/Core/Src/i2c.c.obj
 .debug_ranges  0x00000030       0x28 CMakeFiles/Demo1.elf.dir/Core/Src/main.c.obj
 .debug_ranges  0x00000058       0x10 CMakeFiles/Demo1.elf.dir/Core/Src/stm32f1xx_hal_msp.c.obj
 .debug_ranges  0x00000068       0x68 CMakeFiles/Demo1.elf.dir/Core/Src/stm32f1xx_it.c.obj
 .debug_ranges  0x000000d0       0x18 CMakeFiles/Demo1.elf.dir/Core/Src/system_stm32f1xx.c.obj
 .debug_ranges  0x000000e8       0x50 CMakeFiles/Demo1.elf.dir/Core/Src/tim.c.obj
 .debug_ranges  0x00000138       0x20 CMakeFiles/Demo1.elf.dir/Core/Startup/startup_stm32f103rctx.s.obj
 .debug_ranges  0x00000158       0xd0 CMakeFiles/Demo1.elf.dir/Drivers/STM32F1xx_HAL_Driver/Src/stm32f1xx_hal.c.obj
 .debug_ranges  0x00000228       0xe0 CMakeFiles/Demo1.elf.dir/Drivers/STM32F1xx_HAL_Driver/Src/stm32f1xx_hal_cortex.c.obj
 .debug_ranges  0x00000308       0x48 CMakeFiles/Demo1.elf.dir/Drivers/STM32F1xx_HAL_Driver/Src/stm32f1xx_hal_gpio.c.obj
 .debug_ranges  0x00000350      0x2b0 CMakeFiles/Demo1.elf.dir/Drivers/STM32F1xx_HAL_Driver/Src/stm32f1xx_hal_i2c.c.obj
 .debug_ranges  0x00000600       0xa0 CMakeFiles/Demo1.elf.dir/Drivers/STM32F1xx_HAL_Driver/Src/stm32f1xx_hal_rcc.c.obj
 .debug_ranges  0x000006a0      0x3c0 CMakeFiles/Demo1.elf.dir/Drivers/STM32F1xx_HAL_Driver/Src/stm32f1xx_hal_tim.c.obj
 .debug_ranges  0x00000a60      0x158 CMakeFiles/Demo1.elf.dir/Drivers/STM32F1xx_HAL_Driver/Src/stm32f1xx_hal_tim_ex.c.obj
 .debug_ranges  0x00000bb8       0x18 CMakeFiles/Demo1.elf.dir/Hardware/Car.c.obj
 .debug_ranges  0x00000bd0       0x40 CMakeFiles/Demo1.elf.dir/Hardware/Encoder.c.obj
 .debug_ranges  0x00000c10       0x18 CMakeFiles/Demo1.elf.dir/Hardware/PID.c.obj
 .debug_ranges  0x00000c28       0x20 CMakeFiles/Demo1.elf.dir/Hardware/motor.c.obj

.debug_line     0x00000000     0xfa9f
 .debug_line    0x00000000      0x20a CMakeFiles/Demo1.elf.dir/Core/Src/gpio.c.obj
 .debug_line    0x0000020a      0x30f CMakeFiles/Demo1.elf.dir/Core/Src/i2c.c.obj
 .debug_line    0x00000519      0x4a9 CMakeFiles/Demo1.elf.dir/Core/Src/main.c.obj
 .debug_line    0x000009c2      0x179 CMakeFiles/Demo1.elf.dir/Core/Src/stm32f1xx_hal_msp.c.obj
 .debug_line    0x00000b3b      0x338 CMakeFiles/Demo1.elf.dir/Core/Src/stm32f1xx_it.c.obj
 .debug_line    0x00000e73      0x242 CMakeFiles/Demo1.elf.dir/Core/Src/system_stm32f1xx.c.obj
 .debug_line    0x000010b5      0x6b5 CMakeFiles/Demo1.elf.dir/Core/Src/tim.c.obj
 .debug_line    0x0000176a       0xa1 CMakeFiles/Demo1.elf.dir/Core/Startup/startup_stm32f103rctx.s.obj
 .debug_line    0x0000180b      0x564 CMakeFiles/Demo1.elf.dir/Drivers/STM32F1xx_HAL_Driver/Src/stm32f1xx_hal.c.obj
 .debug_line    0x00001d6f      0x652 CMakeFiles/Demo1.elf.dir/Drivers/STM32F1xx_HAL_Driver/Src/stm32f1xx_hal_cortex.c.obj
 .debug_line    0x000023c1      0x60e CMakeFiles/Demo1.elf.dir/Drivers/STM32F1xx_HAL_Driver/Src/stm32f1xx_hal_gpio.c.obj
 .debug_line    0x000029cf     0x5626 CMakeFiles/Demo1.elf.dir/Drivers/STM32F1xx_HAL_Driver/Src/stm32f1xx_hal_i2c.c.obj
 .debug_line    0x00007ff5      0xc37 CMakeFiles/Demo1.elf.dir/Drivers/STM32F1xx_HAL_Driver/Src/stm32f1xx_hal_rcc.c.obj
 .debug_line    0x00008c2c     0x4a75 CMakeFiles/Demo1.elf.dir/Drivers/STM32F1xx_HAL_Driver/Src/stm32f1xx_hal_tim.c.obj
 .debug_line    0x0000d6a1     0x1c6d CMakeFiles/Demo1.elf.dir/Drivers/STM32F1xx_HAL_Driver/Src/stm32f1xx_hal_tim_ex.c.obj
 .debug_line    0x0000f30e       0x8a CMakeFiles/Demo1.elf.dir/Hardware/Car.c.obj
 .debug_line    0x0000f398      0x2c9 CMakeFiles/Demo1.elf.dir/Hardware/Encoder.c.obj
 .debug_line    0x0000f661      0x160 CMakeFiles/Demo1.elf.dir/Hardware/PID.c.obj
 .debug_line    0x0000f7c1      0x2de CMakeFiles/Demo1.elf.dir/Hardware/motor.c.obj

.debug_str      0x00000000     0x3e16
 .debug_str     0x00000000      0x25e CMakeFiles/Demo1.elf.dir/Core/Src/gpio.c.obj
                                0x2af (size before relaxing)
 .debug_str     0x0000025e      0x4db CMakeFiles/Demo1.elf.dir/Core/Src/i2c.c.obj
                                0x766 (size before relaxing)
 .debug_str     0x00000739      0x630 CMakeFiles/Demo1.elf.dir/Core/Src/main.c.obj
                                0xa40 (size before relaxing)
 .debug_str     0x00000d69       0x74 CMakeFiles/Demo1.elf.dir/Core/Src/stm32f1xx_hal_msp.c.obj
                                0x251 (size before relaxing)
 .debug_str     0x00000ddd      0x120 CMakeFiles/Demo1.elf.dir/Core/Src/stm32f1xx_it.c.obj
                                0x771 (size before relaxing)
 .debug_str     0x00000efd       0x98 CMakeFiles/Demo1.elf.dir/Core/Src/system_stm32f1xx.c.obj
                                0x286 (size before relaxing)
 .debug_str     0x00000f95      0x6de CMakeFiles/Demo1.elf.dir/Core/Src/tim.c.obj
                                0xe88 (size before relaxing)
 .debug_str     0x00001673       0x50 CMakeFiles/Demo1.elf.dir/Core/Startup/startup_stm32f103rctx.s.obj
                                 0x7f (size before relaxing)
 .debug_str     0x000016c3      0x31e CMakeFiles/Demo1.elf.dir/Drivers/STM32F1xx_HAL_Driver/Src/stm32f1xx_hal.c.obj
                                0x93a (size before relaxing)
 .debug_str     0x000019e1      0x3b8 CMakeFiles/Demo1.elf.dir/Drivers/STM32F1xx_HAL_Driver/Src/stm32f1xx_hal_cortex.c.obj
                                0x9e9 (size before relaxing)
 .debug_str     0x00001d99      0x134 CMakeFiles/Demo1.elf.dir/Drivers/STM32F1xx_HAL_Driver/Src/stm32f1xx_hal_gpio.c.obj
                                0x432 (size before relaxing)
 .debug_str     0x00001ecd      0x916 CMakeFiles/Demo1.elf.dir/Drivers/STM32F1xx_HAL_Driver/Src/stm32f1xx_hal_i2c.c.obj
                                0xff7 (size before relaxing)
 .debug_str     0x000027e3      0x1ee CMakeFiles/Demo1.elf.dir/Drivers/STM32F1xx_HAL_Driver/Src/stm32f1xx_hal_rcc.c.obj
                                0x65d (size before relaxing)
 .debug_str     0x000029d1      0xcc5 CMakeFiles/Demo1.elf.dir/Drivers/STM32F1xx_HAL_Driver/Src/stm32f1xx_hal_tim.c.obj
                               0x1671 (size before relaxing)
 .debug_str     0x00003696      0x53e CMakeFiles/Demo1.elf.dir/Drivers/STM32F1xx_HAL_Driver/Src/stm32f1xx_hal_tim_ex.c.obj
                                0xe72 (size before relaxing)
 .debug_str     0x00003bd4       0x92 CMakeFiles/Demo1.elf.dir/Hardware/Car.c.obj
                                0x230 (size before relaxing)
 .debug_str     0x00003c66       0xcf CMakeFiles/Demo1.elf.dir/Hardware/Encoder.c.obj
                                0x7d1 (size before relaxing)
 .debug_str     0x00003d35       0x8d CMakeFiles/Demo1.elf.dir/Hardware/PID.c.obj
                                0x1db (size before relaxing)
 .debug_str     0x00003dc2       0x54 CMakeFiles/Demo1.elf.dir/Hardware/motor.c.obj
                                0x73e (size before relaxing)

.comment        0x00000000       0x49
 .comment       0x00000000       0x49 CMakeFiles/Demo1.elf.dir/Core/Src/gpio.c.obj
                                 0x4a (size before relaxing)
 .comment       0x00000049       0x4a CMakeFiles/Demo1.elf.dir/Core/Src/i2c.c.obj
 .comment       0x00000049       0x4a CMakeFiles/Demo1.elf.dir/Core/Src/main.c.obj
 .comment       0x00000049       0x4a CMakeFiles/Demo1.elf.dir/Core/Src/stm32f1xx_hal_msp.c.obj
 .comment       0x00000049       0x4a CMakeFiles/Demo1.elf.dir/Core/Src/stm32f1xx_it.c.obj
 .comment       0x00000049       0x4a CMakeFiles/Demo1.elf.dir/Core/Src/system_stm32f1xx.c.obj
 .comment       0x00000049       0x4a CMakeFiles/Demo1.elf.dir/Core/Src/tim.c.obj
 .comment       0x00000049       0x4a CMakeFiles/Demo1.elf.dir/Drivers/STM32F1xx_HAL_Driver/Src/stm32f1xx_hal.c.obj
 .comment       0x00000049       0x4a CMakeFiles/Demo1.elf.dir/Drivers/STM32F1xx_HAL_Driver/Src/stm32f1xx_hal_cortex.c.obj
 .comment       0x00000049       0x4a CMakeFiles/Demo1.elf.dir/Drivers/STM32F1xx_HAL_Driver/Src/stm32f1xx_hal_gpio.c.obj
 .comment       0x00000049       0x4a CMakeFiles/Demo1.elf.dir/Drivers/STM32F1xx_HAL_Driver/Src/stm32f1xx_hal_i2c.c.obj
 .comment       0x00000049       0x4a CMakeFiles/Demo1.elf.dir/Drivers/STM32F1xx_HAL_Driver/Src/stm32f1xx_hal_rcc.c.obj
 .comment       0x00000049       0x4a CMakeFiles/Demo1.elf.dir/Drivers/STM32F1xx_HAL_Driver/Src/stm32f1xx_hal_tim.c.obj
 .comment       0x00000049       0x4a CMakeFiles/Demo1.elf.dir/Drivers/STM32F1xx_HAL_Driver/Src/stm32f1xx_hal_tim_ex.c.obj
 .comment       0x00000049       0x4a CMakeFiles/Demo1.elf.dir/Hardware/Car.c.obj
 .comment       0x00000049       0x4a CMakeFiles/Demo1.elf.dir/Hardware/Encoder.c.obj
 .comment       0x00000049       0x4a CMakeFiles/Demo1.elf.dir/Hardware/PID.c.obj
 .comment       0x00000049       0x4a CMakeFiles/Demo1.elf.dir/Hardware/motor.c.obj

.debug_frame    0x00000000     0x275c
 .debug_frame   0x00000000       0x30 CMakeFiles/Demo1.elf.dir/Core/Src/gpio.c.obj
 .debug_frame   0x00000030       0x60 CMakeFiles/Demo1.elf.dir/Core/Src/i2c.c.obj
 .debug_frame   0x00000090       0x7c CMakeFiles/Demo1.elf.dir/Core/Src/main.c.obj
 .debug_frame   0x0000010c       0x28 CMakeFiles/Demo1.elf.dir/Core/Src/stm32f1xx_hal_msp.c.obj
 .debug_frame   0x00000134       0xf0 CMakeFiles/Demo1.elf.dir/Core/Src/stm32f1xx_it.c.obj
 .debug_frame   0x00000224       0x30 CMakeFiles/Demo1.elf.dir/Core/Src/system_stm32f1xx.c.obj
 .debug_frame   0x00000254      0x120 CMakeFiles/Demo1.elf.dir/Core/Src/tim.c.obj
 .debug_frame   0x00000374      0x1cc CMakeFiles/Demo1.elf.dir/Drivers/STM32F1xx_HAL_Driver/Src/stm32f1xx_hal.c.obj
 .debug_frame   0x00000540      0x118 CMakeFiles/Demo1.elf.dir/Drivers/STM32F1xx_HAL_Driver/Src/stm32f1xx_hal_cortex.c.obj
 .debug_frame   0x00000658       0xe4 CMakeFiles/Demo1.elf.dir/Drivers/STM32F1xx_HAL_Driver/Src/stm32f1xx_hal_gpio.c.obj
 .debug_frame   0x0000073c      0x984 CMakeFiles/Demo1.elf.dir/Drivers/STM32F1xx_HAL_Driver/Src/stm32f1xx_hal_i2c.c.obj
 .debug_frame   0x000010c0      0x184 CMakeFiles/Demo1.elf.dir/Drivers/STM32F1xx_HAL_Driver/Src/stm32f1xx_hal_rcc.c.obj
 .debug_frame   0x00001244      0xb04 CMakeFiles/Demo1.elf.dir/Drivers/STM32F1xx_HAL_Driver/Src/stm32f1xx_hal_tim.c.obj
 .debug_frame   0x00001d48      0x40c CMakeFiles/Demo1.elf.dir/Drivers/STM32F1xx_HAL_Driver/Src/stm32f1xx_hal_tim_ex.c.obj
 .debug_frame   0x00002154       0x3c CMakeFiles/Demo1.elf.dir/Hardware/Car.c.obj
 .debug_frame   0x00002190       0x9c CMakeFiles/Demo1.elf.dir/Hardware/Encoder.c.obj
 .debug_frame   0x0000222c       0x40 CMakeFiles/Demo1.elf.dir/Hardware/PID.c.obj
 .debug_frame   0x0000226c       0x50 CMakeFiles/Demo1.elf.dir/Hardware/motor.c.obj
 .debug_frame   0x000022bc       0xac e:/gcc-arm-none-eabi-10.3-2021.10/bin/../lib/gcc/arm-none-eabi/10.3.1/thumb/v7-m/nofp\libgcc.a(_arm_addsubdf3.o)
 .debug_frame   0x00002368       0x50 e:/gcc-arm-none-eabi-10.3-2021.10/bin/../lib/gcc/arm-none-eabi/10.3.1/thumb/v7-m/nofp\libgcc.a(_arm_muldivdf3.o)
 .debug_frame   0x000023b8       0x24 e:/gcc-arm-none-eabi-10.3-2021.10/bin/../lib/gcc/arm-none-eabi/10.3.1/thumb/v7-m/nofp\libgcc.a(_arm_fixdfsi.o)
 .debug_frame   0x000023dc       0x24 e:/gcc-arm-none-eabi-10.3-2021.10/bin/../lib/gcc/arm-none-eabi/10.3.1/thumb/v7-m/nofp\libgcc.a(_arm_truncdfsf2.o)
 .debug_frame   0x00002400       0x4c e:/gcc-arm-none-eabi-10.3-2021.10/bin/../lib/gcc/arm-none-eabi/10.3.1/thumb/v7-m/nofp\libgcc.a(_arm_addsubsf3.o)
 .debug_frame   0x0000244c       0x38 e:/gcc-arm-none-eabi-10.3-2021.10/bin/../lib/gcc/arm-none-eabi/10.3.1/thumb/v7-m/nofp\libgcc.a(_arm_muldivsf3.o)
 .debug_frame   0x00002484       0xc8 e:/gcc-arm-none-eabi-10.3-2021.10/bin/../lib/gcc/arm-none-eabi/10.3.1/thumb/v7-m/nofp\libgcc.a(_arm_cmpsf2.o)
 .debug_frame   0x0000254c       0x24 e:/gcc-arm-none-eabi-10.3-2021.10/bin/../lib/gcc/arm-none-eabi/10.3.1/thumb/v7-m/nofp\libgcc.a(_arm_fixunssfsi.o)
 .debug_frame   0x00002570       0x2c e:/gcc-arm-none-eabi-10.3-2021.10/bin/../lib/gcc/arm-none-eabi/10.3.1/../../../../arm-none-eabi/lib/thumb/v7-m/nofp\libg.a(lib_a-init.o)
 .debug_frame   0x0000259c       0x2c e:/gcc-arm-none-eabi-10.3-2021.10/bin/../lib/gcc/arm-none-eabi/10.3.1/../../../../arm-none-eabi/lib/thumb/v7-m/nofp\libg.a(lib_a-memset.o)
 .debug_frame   0x000025c8       0x5c e:/gcc-arm-none-eabi-10.3-2021.10/bin/../lib/gcc/arm-none-eabi/10.3.1/../../../../arm-none-eabi/lib/thumb/v7-m/nofp\libg.a(lib_a-__call_atexit.o)
 .debug_frame   0x00002624       0x20 e:/gcc-arm-none-eabi-10.3-2021.10/bin/../lib/gcc/arm-none-eabi/10.3.1/../../../../arm-none-eabi/lib/thumb/v7-m/nofp\libg.a(lib_a-atexit.o)
 .debug_frame   0x00002644       0x34 e:/gcc-arm-none-eabi-10.3-2021.10/bin/../lib/gcc/arm-none-eabi/10.3.1/../../../../arm-none-eabi/lib/thumb/v7-m/nofp\libg.a(lib_a-fini.o)
 .debug_frame   0x00002678       0xb0 e:/gcc-arm-none-eabi-10.3-2021.10/bin/../lib/gcc/arm-none-eabi/10.3.1/../../../../arm-none-eabi/lib/thumb/v7-m/nofp\libg.a(lib_a-lock.o)
 .debug_frame   0x00002728       0x34 e:/gcc-arm-none-eabi-10.3-2021.10/bin/../lib/gcc/arm-none-eabi/10.3.1/../../../../arm-none-eabi/lib/thumb/v7-m/nofp\libg.a(lib_a-__atexit.o)

.debug_loc      0x00000000     0xc8c9
 .debug_loc     0x00000000       0x67 CMakeFiles/Demo1.elf.dir/Core/Src/i2c.c.obj
 .debug_loc     0x00000067       0x5f CMakeFiles/Demo1.elf.dir/Core/Src/main.c.obj
 .debug_loc     0x000000c6       0x15 CMakeFiles/Demo1.elf.dir/Core/Src/stm32f1xx_hal_msp.c.obj
 .debug_loc     0x000000db       0xff CMakeFiles/Demo1.elf.dir/Core/Src/system_stm32f1xx.c.obj
 .debug_loc     0x000001da      0x184 CMakeFiles/Demo1.elf.dir/Core/Src/tim.c.obj
 .debug_loc     0x0000035e      0x141 CMakeFiles/Demo1.elf.dir/Drivers/STM32F1xx_HAL_Driver/Src/stm32f1xx_hal.c.obj
 .debug_loc     0x0000049f      0x71f CMakeFiles/Demo1.elf.dir/Drivers/STM32F1xx_HAL_Driver/Src/stm32f1xx_hal_cortex.c.obj
 .debug_loc     0x00000bbe      0x47d CMakeFiles/Demo1.elf.dir/Drivers/STM32F1xx_HAL_Driver/Src/stm32f1xx_hal_gpio.c.obj
 .debug_loc     0x0000103b     0x41ca CMakeFiles/Demo1.elf.dir/Drivers/STM32F1xx_HAL_Driver/Src/stm32f1xx_hal_i2c.c.obj
 .debug_loc     0x00005205      0x618 CMakeFiles/Demo1.elf.dir/Drivers/STM32F1xx_HAL_Driver/Src/stm32f1xx_hal_rcc.c.obj
 .debug_loc     0x0000581d     0x5084 CMakeFiles/Demo1.elf.dir/Drivers/STM32F1xx_HAL_Driver/Src/stm32f1xx_hal_tim.c.obj
 .debug_loc     0x0000a8a1     0x1cad CMakeFiles/Demo1.elf.dir/Drivers/STM32F1xx_HAL_Driver/Src/stm32f1xx_hal_tim_ex.c.obj
 .debug_loc     0x0000c54e       0x44 CMakeFiles/Demo1.elf.dir/Hardware/Car.c.obj
 .debug_loc     0x0000c592      0x117 CMakeFiles/Demo1.elf.dir/Hardware/Encoder.c.obj
 .debug_loc     0x0000c6a9       0xe4 CMakeFiles/Demo1.elf.dir/Hardware/PID.c.obj
 .debug_loc     0x0000c78d      0x13c CMakeFiles/Demo1.elf.dir/Hardware/motor.c.obj
